[bulky-hiring-042265.framer.app/ro/index.html]
[backblue.gif]
[fade.gif]
[index.html]
[framerusercontent.com/images/CeuWff5xxtXIfB2xD7KLxQdGI.png]
[bulky-hiring-042265.framer.app/ro/e.1.delayed]
[bulky-hiring-042265.framer.app/ro/r.2.delayed]
[bulky-hiring-042265.framer.app/ro/about.html]
[bulky-hiring-042265.framer.app/ro/blog.html]
[bulky-hiring-042265.framer.app/ro/pricing.html]
[bulky-hiring-042265.framer.app/ro/contact.html]
[framerusercontent.com/images/1V7StdRlOF6rwepRkxbBMIyIc2ad0.png]
[framerusercontent.com/images/KzW9sfOSXKPDdTPGnlhgckmgM800ee.png]
[framerusercontent.com/images/eCraW82aa0n7rISuB41HXmNkuM56cd.png]
[bulky-hiring-042265.framer.app/ro/form.html]
[framerusercontent.com/images/jXgajF0E2IvNWZOG1tLm12fQNso2318.png]
[framerusercontent.com/images/YcB0RTuVEiCsLHbPjtyAtcHBgIc709.png]
[framerusercontent.com/images/IXPMtGa685wYobNRD9LW6AkxWfI90ee.png]
[framerusercontent.com/images/KHprmB65AzDGdpR1yP6LFwLdxX06f60.png]
[framerusercontent.com/images/uxuV5kpbRPbRBIyEbbDa89vkcb9c6.png]
[framerusercontent.com/images/aOJk3w6UGnDhdZi6yZmmUd0IaE447f.png]
[framerusercontent.com/images/sNsW9eRw9qttZRjF8JDbwtGXLUE6f60.png]
[bulky-hiring-042265.framer.app/ro/index.html]
[bulky-hiring-042265.framer.app/ro/e.html]
[bulky-hiring-042265.framer.app/ro/r.html]
[framerusercontent.com/images/cEy1nPzXDR1VEmUz4GE5fYWAfokf60f.png]
[framerusercontent.com/images/uLxIHfTocFPPQZ4bemjtwJFzJH8c923.png]
[framerusercontent.com/images/iW5WzZgLWGbaabEoEQGpIxztCo90ee.png]
[bulky-hiring-042265.framer.app/ro/about.html]
[bulky-hiring-042265.framer.app/ro/blog/ai-va-ia-jobul.html]
[framerusercontent.com/images/FA89D5MTKldB2b4xQHKM2vUWriE90ee.png]
[bulky-hiring-042265.framer.app/ro/blog/cele-mai-bune-paltforme-de-automatizare.html]
[framerusercontent.com/images/L7d5gQt8n9wAMwTLo26v5Tjg7219.png]
[bulky-hiring-042265.framer.app/ro/blog/regula-unui-singur-proces.html]
[framerusercontent.com/images/03sA5O4191dZygNYMsUBfJwqCm890ee.png]
[bulky-hiring-042265.framer.app/ro/blog/cum-sa-alegi-un-partener-de-automatizare.html]
[framerusercontent.com/images/htTkQDlkEppKZdma57A4n1VdlUQ4688.png]
[bulky-hiring-042265.framer.app/ro/blog.html]
[bulky-hiring-042265.framer.app/ro/audit-roadmap.html]
[bulky-hiring-042265.framer.app/ro/pricing.html]
[bulky-hiring-042265.framer.app/ro/contact.html]
[bulky-hiring-042265.framer.app/ro/form.html]
[bulky-hiring-042265.framer.app/ro/core-automation-process.html]
[bulky-hiring-042265.framer.app/ro/blog/e.1f.delayed]
[bulky-hiring-042265.framer.app/ro/blog/r.20.delayed]
[bulky-hiring-042265.framer.app/ro/blog/ai-va-ia-jobul.html]
[bulky-hiring-042265.framer.app/ro/blog/cele-mai-bune-paltforme-de-automatizare.html]
[bulky-hiring-042265.framer.app/ro/blog/regula-unui-singur-proces.html]
[bulky-hiring-042265.framer.app/ro/blog/cum-sa-alegi-un-partener-de-automatizare.html]
[bulky-hiring-042265.framer.app/ro/audit-roadmap.html]
[bulky-hiring-042265.framer.app/ro/core-automation-process.html]
[bulky-hiring-042265.framer.app/ro/blog/e.html]
[bulky-hiring-042265.framer.app/ro/blog/r.html]
